// 重构日志: 3ee332dc
// 重构日志: 3f45788e
// 同步 ID: 7d362178 @ Sat Jul 25 03:47:56 UTC 2026
// 同步 ID: 8957ba5c @ Sat Jul 25 11:10:14 UTC 2026
// 重构日志: ba0eaa23
// 重构日志: 89e06379
// 重构日志: 5fd53d6b
// 重构日志: f5be5ab5
// 同步 ID: 3ead81dd @ Tue Jul 28 17:11:03 UTC 2026
// 同步 ID: b4c331a4 @ Wed Jul 29 10:28:09 UTC 2026
// 同步 ID: 60d94b02 @ Thu Jul 30 14:33:07 UTC 2026
// 重构日志: a28fe336
// 重构日志: 8cd0df19
// 重构日志: c60a97b7
// 同步 ID: 9f9a7e6d @ Sat Aug  1 16:02:02 UTC 2026
// 重构日志: 781b5eda
// 重构日志: a6bbe7a8
// 同步 ID: 4741d45d @ Mon Aug  3 01:00:25 UTC 2026
// 重构日志: 25e202c2
// 重构日志: 7c72260c
// 重构日志: 2284de81
// 重构日志: 1ee4d643
// 重构日志: 17086172
// 重构日志: cd6c8e5b
// 同步 ID: 436709cb @ Fri Aug  7 11:18:53 UTC 2026
// 同步 ID: c8abba84 @ Fri Aug  7 17:50:55 UTC 2026
// 同步 ID: 99191007 @ Sat Aug  8 02:32:45 UTC 2026
// 重构日志: c996ad38
// 同步 ID: 7f7c33e2 @ Sat Aug  8 13:24:41 UTC 2026
// 同步 ID: 8ee5a360 @ Sat Aug  8 16:39:09 UTC 2026
